Release 13.4 - xst O.87xd (lin64)
Copyright (c) 1995-2011 Xilinx, Inc.  All rights reserved.
--> 
Parameter TMPDIR set to xst/projnav.tmp


Total REAL time to Xst completion: 1.00 secs
Total CPU time to Xst completion: 0.06 secs
 
--> 
Parameter xsthdpdir set to xst


Total REAL time to Xst completion: 1.00 secs
Total CPU time to Xst completion: 0.06 secs
 
--> 
Reading design: vga.prj

TABLE OF CONTENTS
  1) Synthesis Options Summary
  2) HDL Compilation
  3) Design Hierarchy Analysis
  4) HDL Analysis
  5) HDL Synthesis
     5.1) HDL Synthesis Report
  6) Advanced HDL Synthesis
     6.1) Advanced HDL Synthesis Report
  7) Low Level Synthesis
  8) Partition Report
  9) Final Report
	9.1) Device utilization summary
	9.2) Partition Resource Summary
	9.3) TIMING REPORT


=========================================================================
*                      Synthesis Options Summary                        *
=========================================================================
---- Source Parameters
Input File Name                    : "vga.prj"
Input Format                       : mixed
Ignore Synthesis Constraint File   : NO

---- Target Parameters
Output File Name                   : "vga"
Output Format                      : NGC
Target Device                      : xc3s500e-5-fg320

---- Source Options
Top Module Name                    : vga
Automatic FSM Extraction           : YES
FSM Encoding Algorithm             : Auto
Safe Implementation                : No
FSM Style                          : LUT
RAM Extraction                     : Yes
RAM Style                          : Auto
ROM Extraction                     : Yes
Mux Style                          : Auto
Decoder Extraction                 : YES
Priority Encoder Extraction        : Yes
Shift Register Extraction          : YES
Logical Shifter Extraction         : YES
XOR Collapsing                     : YES
ROM Style                          : Auto
Mux Extraction                     : Yes
Resource Sharing                   : YES
Asynchronous To Synchronous        : NO
Multiplier Style                   : Auto
Automatic Register Balancing       : No

---- Target Options
Add IO Buffers                     : YES
Global Maximum Fanout              : 100000
Add Generic Clock Buffer(BUFG)     : 24
Register Duplication               : YES
Slice Packing                      : YES
Optimize Instantiated Primitives   : NO
Use Clock Enable                   : Yes
Use Synchronous Set                : Yes
Use Synchronous Reset              : Yes
Pack IO Registers into IOBs        : Auto
Equivalent register Removal        : YES

---- General Options
Optimization Goal                  : Speed
Optimization Effort                : 1
Keep Hierarchy                     : No
Netlist Hierarchy                  : As_Optimized
RTL Output                         : Yes
Global Optimization                : AllClockNets
Read Cores                         : YES
Write Timing Constraints           : NO
Cross Clock Analysis               : NO
Hierarchy Separator                : /
Bus Delimiter                      : <>
Case Specifier                     : Maintain
Slice Utilization Ratio            : 100
BRAM Utilization Ratio             : 100
Verilog 2001                       : YES
Auto BRAM Packing                  : NO
Slice Utilization Ratio Delta      : 5

---- Other Options
Cores Search Directories           : {"ipcore_dir"  }

=========================================================================


=========================================================================
*                          HDL Compilation                              *
=========================================================================
Compiling vhdl file "/home/student1/zzuberi/Desktop/COE758 Project 2/pong/ipcore_dir/icon.vhd" in Library work.
Architecture icon_a of Entity icon is up to date.
Compiling vhdl file "/home/student1/zzuberi/Desktop/COE758 Project 2/pong/ipcore_dir/ila.vhd" in Library work.
Architecture ila_a of Entity ila is up to date.
Compiling vhdl file "/home/student1/zzuberi/Desktop/COE758 Project 2/pong/vga.vhd" in Library work.
Architecture behavioral of Entity vga is up to date.

=========================================================================
*                     Design Hierarchy Analysis                         *
=========================================================================
Analyzing hierarchy for entity <vga> in library <work> (architecture <behavioral>).


=========================================================================
*                            HDL Analysis                               *
=========================================================================
Analyzing Entity <vga> in library <work> (Architecture <behavioral>).
WARNING:Xst:2211 - "/home/student1/zzuberi/Desktop/COE758 Project 2/pong/vga.vhd" line 71: Instantiating black box module <icon>.
WARNING:Xst:2211 - "/home/student1/zzuberi/Desktop/COE758 Project 2/pong/vga.vhd" line 75: Instantiating black box module <ila>.
Entity <vga> analyzed. Unit <vga> generated.


=========================================================================
*                           HDL Synthesis                               *
=========================================================================

Performing bidirectional port resolution...

Synthesizing Unit <vga>.
    Related source file is "/home/student1/zzuberi/Desktop/COE758 Project 2/pong/vga.vhd".
WARNING:Xst:1780 - Signal <vPositionOutput> is never used or assigned. This unconnected signal will be trimmed during the optimization process.
WARNING:Xst:653 - Signal <ila_data<99:22>> is used but never assigned. This sourceless signal will be automatically connected to value 000000000000000000000000000000000000000000000000000000000000000000000000000000.
WARNING:Xst:1780 - Signal <hPositionOutput> is never used or assigned. This unconnected signal will be trimmed during the optimization process.
    Found finite state machine <FSM_0> for signal <ballDirectionY>.
    -----------------------------------------------------------------------
    | States             | 2                                              |
    | Transitions        | 5                                              |
    | Inputs             | 2                                              |
    | Outputs            | 2                                              |
    | Clock              | clk_div                   (rising_edge)        |
    | Clock enable       | ballDirectionY$and0000    (positive)           |
    | Power Up State     | 00000000000000000000000000000010               |
    | Encoding           | automatic                                      |
    | Implementation     | LUT                                            |
    -----------------------------------------------------------------------
    Found 1-bit register for signal <hsync>.
    Found 1-bit register for signal <vsync>.
    Found 1-bit register for signal <dac_clk>.
    Found 8-bit register for signal <Rout>.
    Found 8-bit register for signal <Bout>.
    Found 8-bit register for signal <Gout>.
    Found 32-bit subtractor for signal <$sub0000> created at line 262.
    Found 3-bit register for signal <ballDirectionX>.
    Found 32-bit comparator greatequal for signal <ballDirectionX$cmp_ge0000> created at line 191.
    Found 32-bit comparator greater for signal <ballDirectionX$cmp_gt0000> created at line 191.
    Found 32-bit comparator greater for signal <ballDirectionX$cmp_gt0001> created at line 207.
    Found 32-bit comparator greater for signal <ballDirectionX$cmp_gt0002> created at line 207.
    Found 32-bit comparator greater for signal <ballDirectionX$cmp_gt0003> created at line 197.
    Found 32-bit comparator greater for signal <ballDirectionX$cmp_gt0004> created at line 190.
    Found 32-bit comparator greater for signal <ballDirectionX$cmp_gt0005> created at line 190.
    Found 32-bit comparator lessequal for signal <ballDirectionX$cmp_le0000> created at line 191.
    Found 32-bit comparator lessequal for signal <ballDirectionX$cmp_le0001> created at line 190.
    Found 32-bit comparator lessequal for signal <ballDirectionX$cmp_le0002> created at line 190.
    Found 32-bit comparator less for signal <ballDirectionX$cmp_lt0000> created at line 207.
    Found 32-bit comparator less for signal <ballDirectionX$cmp_lt0001> created at line 197.
    Found 32-bit comparator less for signal <ballDirectionX$cmp_lt0002> created at line 197.
    Found 32-bit adder for signal <ballDirectionY$add0000> created at line 217.
    Found 32-bit adder for signal <ballDirectionY$add0001> created at line 181.
    Found 32-bit adder for signal <ballDirectionY$add0002> created at line 197.
    Found 32-bit adder for signal <ballDirectionY$add0003> created at line 207.
    Found 32-bit comparator greatequal for signal <ballDirectionY$cmp_ge0000> created at line 197.
    Found 32-bit comparator greatequal for signal <ballDirectionY$cmp_ge0001> created at line 197.
    Found 32-bit comparator greatequal for signal <ballDirectionY$cmp_ge0002> created at line 207.
    Found 32-bit comparator greatequal for signal <ballDirectionY$cmp_ge0003> created at line 218.
    Found 32-bit comparator greater for signal <ballDirectionY$cmp_gt0000> created at line 217.
    Found 32-bit comparator greater for signal <ballDirectionY$cmp_gt0001> created at line 186.
    Found 32-bit comparator lessequal for signal <ballDirectionY$cmp_le0000> created at line 197.
    Found 32-bit comparator lessequal for signal <ballDirectionY$cmp_le0001> created at line 207.
    Found 32-bit comparator lessequal for signal <ballDirectionY$cmp_le0002> created at line 207.
    Found 32-bit comparator lessequal for signal <ballDirectionY$cmp_le0003> created at line 217.
    Found 32-bit comparator lessequal for signal <ballDirectionY$cmp_le0004> created at line 186.
    Found 32-bit comparator less for signal <ballDirectionY$cmp_lt0000> created at line 218.
    Found 32-bit register for signal <ballX>.
    Found 32-bit adder for signal <ballX$addsub0000> created at line 225.
    Found 32-bit comparator greatequal for signal <ballX$cmp_ge0000> created at line 183.
    Found 32-bit comparator greater for signal <ballX$cmp_gt0000> created at line 181.
    Found 32-bit comparator lessequal for signal <ballX$cmp_le0000> created at line 181.
    Found 32-bit comparator less for signal <ballX$cmp_lt0000> created at line 183.
    Found 32-bit 4-to-1 multiplexer for signal <ballX$mux0000>.
    Found 32-bit register for signal <ballY>.
    Found 32-bit adder for signal <ballY$addsub0000> created at line 226.
    Found 32-bit 4-to-1 multiplexer for signal <ballY$mux0000>.
    Found 32-bit updown accumulator for signal <blue>.
    Found 32-bit comparator greatequal for signal <blue$cmp_ge0000> created at line 171.
    Found 32-bit comparator greatequal for signal <blue$cmp_ge0001> created at line 170.
    Found 32-bit comparator less for signal <blue$cmp_lt0000> created at line 170.
    Found 1-bit register for signal <clk_div>.
    Found 32-bit up counter for signal <counter>.
    Found 32-bit comparator greatequal for signal <Gout$cmp_ge0000> created at line 262.
    Found 32-bit comparator greater for signal <Gout$cmp_gt0000> created at line 255.
    Found 32-bit comparator greater for signal <Gout$cmp_gt0001> created at line 262.
    Found 6-bit comparator greater for signal <Gout$cmp_gt0002> created at line 262.
    Found 32-bit comparator less for signal <Gout$cmp_lt0000> created at line 255.
    Found 32-bit comparator less for signal <Gout$cmp_lt0001> created at line 262.
    Found 32-bit comparator less for signal <Gout$cmp_lt0002> created at line 262.
    Found 1-bit register for signal <h_sync>.
    Found 32-bit comparator greater for signal <h_sync$cmp_gt0000> created at line 123.
    Found 32-bit comparator lessequal for signal <h_sync$cmp_le0000> created at line 123.
    Found 32-bit up counter for signal <hPosition>.
    Found 32-bit updown accumulator for signal <pink>.
    Found 32-bit comparator greatequal for signal <pink$cmp_ge0000> created at line 176.
    Found 32-bit comparator greatequal for signal <pink$cmp_ge0001> created at line 175.
    Found 32-bit comparator less for signal <pink$cmp_lt0000> created at line 175.
    Found 32-bit comparator greatequal for signal <Rout$cmp_ge0000> created at line 234.
    Found 32-bit comparator greatequal for signal <Rout$cmp_ge0001> created at line 234.
    Found 32-bit comparator greatequal for signal <Rout$cmp_ge0002> created at line 234.
    Found 32-bit comparator greatequal for signal <Rout$cmp_ge0003> created at line 237.
    Found 32-bit comparator greatequal for signal <Rout$cmp_ge0004> created at line 237.
    Found 32-bit comparator greatequal for signal <Rout$cmp_ge0005> created at line 242.
    Found 32-bit comparator greatequal for signal <Rout$cmp_ge0006> created at line 242.
    Found 32-bit comparator greatequal for signal <Rout$cmp_ge0007> created at line 247.
    Found 32-bit comparator greatequal for signal <Rout$cmp_ge0008> created at line 247.
    Found 32-bit comparator greatequal for signal <Rout$cmp_ge0009> created at line 252.
    Found 32-bit comparator greatequal for signal <Rout$cmp_ge0010> created at line 252.
    Found 32-bit comparator lessequal for signal <Rout$cmp_le0000> created at line 234.
    Found 32-bit comparator lessequal for signal <Rout$cmp_le0001> created at line 234.
    Found 32-bit comparator lessequal for signal <Rout$cmp_le0002> created at line 237.
    Found 32-bit comparator lessequal for signal <Rout$cmp_le0003> created at line 242.
    Found 32-bit comparator lessequal for signal <Rout$cmp_le0004> created at line 242.
    Found 32-bit comparator lessequal for signal <Rout$cmp_le0005> created at line 247.
    Found 32-bit comparator lessequal for signal <Rout$cmp_le0006> created at line 247.
    Found 32-bit comparator lessequal for signal <Rout$cmp_le0007> created at line 252.
    Found 32-bit comparator lessequal for signal <Rout$cmp_le0008> created at line 252.
    Found 32-bit comparator less for signal <Rout$cmp_lt0000> created at line 234.
    Found 32-bit comparator less for signal <Rout$cmp_lt0001> created at line 237.
    Found 1-bit register for signal <v_sync>.
    Found 1-bit register for signal <videoToggle>.
    Found 32-bit comparator lessequal for signal <videoToggle$cmp_le0000> created at line 153.
    Found 32-bit comparator lessequal for signal <videoToggle$cmp_le0001> created at line 153.
    Found 32-bit up counter for signal <vPosition>.
    Found 32-bit comparator greater for signal <vsync$cmp_gt0000> created at line 138.
    Found 32-bit comparator lessequal for signal <vsync$cmp_le0000> created at line 138.
    Summary:
	inferred   1 Finite State Machine(s).
	inferred   3 Counter(s).
	inferred   2 Accumulator(s).
	inferred  98 D-type flip-flop(s).
	inferred   7 Adder/Subtractor(s).
	inferred  70 Comparator(s).
	inferred  64 Multiplexer(s).
Unit <vga> synthesized.


=========================================================================
HDL Synthesis Report

Macro Statistics
# Adders/Subtractors                                   : 7
 32-bit adder                                          : 6
 32-bit subtractor                                     : 1
# Counters                                             : 3
 32-bit up counter                                     : 3
# Accumulators                                         : 2
 32-bit updown accumulator                             : 2
# Registers                                            : 13
 1-bit register                                        : 7
 3-bit register                                        : 1
 32-bit register                                       : 2
 8-bit register                                        : 3
# Comparators                                          : 70
 32-bit comparator greatequal                          : 22
 32-bit comparator greater                             : 13
 32-bit comparator less                                : 12
 32-bit comparator lessequal                           : 22
 6-bit comparator greater                              : 1
# Multiplexers                                         : 2
 32-bit 4-to-1 multiplexer                             : 2

=========================================================================

=========================================================================
*                       Advanced HDL Synthesis                          *
=========================================================================

Analyzing FSM <FSM_0> for best encoding.
Optimizing FSM <ballDirectionY/FSM> on signal <ballDirectionY[1:1]> with sequential encoding.
----------------------------------------------
 State                            | Encoding
----------------------------------------------
 00000000000000000000000000000010 | 0
 11111111111111111111111111111110 | 1
----------------------------------------------
Reading core <ipcore_dir/icon.ngc>.
Reading core <ipcore_dir/ila.ngc>.
Loading core <icon> for timing and area information for instance <icon_instance>.
Loading core <ila> for timing and area information for instance <ila_instance>.
WARNING:Xst:1293 - FF/Latch <ballDirectionX_0> has a constant value of 0 in block <vga>. This FF/Latch will be trimmed during the optimization process.
WARNING:Xst:1293 - FF/Latch <ballDirectionX_1> has a constant value of 1 in block <vga>. This FF/Latch will be trimmed during the optimization process.

=========================================================================
Advanced HDL Synthesis Report

Macro Statistics
# FSMs                                                 : 1
# Adders/Subtractors                                   : 7
 32-bit adder                                          : 6
 6-bit subtractor                                      : 1
# Counters                                             : 3
 32-bit up counter                                     : 3
# Accumulators                                         : 2
 32-bit updown accumulator                             : 2
# Registers                                            : 98
 Flip-Flops                                            : 98
# Comparators                                          : 70
 32-bit comparator greatequal                          : 22
 32-bit comparator greater                             : 13
 32-bit comparator less                                : 12
 32-bit comparator lessequal                           : 22
 6-bit comparator greater                              : 1
# Multiplexers                                         : 2
 32-bit 4-to-1 multiplexer                             : 2

=========================================================================

=========================================================================
*                         Low Level Synthesis                           *
=========================================================================
WARNING:Xst:1293 - FF/Latch <ballDirectionX_0> has a constant value of 0 in block <vga>. This FF/Latch will be trimmed during the optimization process.
WARNING:Xst:1293 - FF/Latch <ballDirectionX_1> has a constant value of 1 in block <vga>. This FF/Latch will be trimmed during the optimization process.
INFO:Xst:2261 - The FF/Latch <Bout_0> in Unit <vga> is equivalent to the following 7 FFs/Latches, which will be removed : <Bout_1> <Bout_2> <Bout_3> <Bout_4> <Bout_5> <Bout_6> <Bout_7> 
INFO:Xst:2261 - The FF/Latch <Rout_0> in Unit <vga> is equivalent to the following 7 FFs/Latches, which will be removed : <Rout_1> <Rout_2> <Rout_3> <Rout_4> <Rout_5> <Rout_6> <Rout_7> 
WARNING:Xst:1293 - FF/Latch <ballX_0> has a constant value of 0 in block <vga>. This FF/Latch will be trimmed during the optimization process.
WARNING:Xst:1293 - FF/Latch <ballY_0> has a constant value of 0 in block <vga>. This FF/Latch will be trimmed during the optimization process.
INFO:Xst:2261 - The FF/Latch <Gout_0> in Unit <vga> is equivalent to the following 7 FFs/Latches, which will be removed : <Gout_1> <Gout_2> <Gout_3> <Gout_4> <Gout_5> <Gout_6> <Gout_7> 

Optimizing unit <vga> ...

Mapping all equations...
Building and optimizing final netlist ...
Found area constraint ratio of 100 (+ 5) on block vga, actual ratio is 22.
FlipFlop Bout_0 has been replicated 7 time(s) to handle iob=true attribute.
FlipFlop Gout_0 has been replicated 7 time(s) to handle iob=true attribute.
FlipFlop Rout_0 has been replicated 7 time(s) to handle iob=true attribute.

Final Macro Processing ...

=========================================================================
Final Register Report

Macro Statistics
# Registers                                            : 255
 Flip-Flops                                            : 255

=========================================================================

=========================================================================
*                           Partition Report                            *
=========================================================================

Partition Implementation Status
-------------------------------

  No Partitions were found in this design.

-------------------------------

=========================================================================
*                            Final Report                               *
=========================================================================
Final Results
RTL Top Level Output File Name     : vga.ngr
Top Level Output File Name         : vga
Output Format                      : NGC
Optimization Goal                  : Speed
Keep Hierarchy                     : No

Design Statistics
# IOs                              : 31

Cell Usage :
# BELS                             : 3326
#      GND                         : 3
#      INV                         : 134
#      LUT1                        : 307
#      LUT2                        : 633
#      LUT3                        : 179
#      LUT3_L                      : 1
#      LUT4                        : 374
#      LUT4_L                      : 1
#      MUXCY                       : 1202
#      MUXCY_L                     : 57
#      MUXF5                       : 30
#      MUXF6                       : 9
#      VCC                         : 3
#      XORCY                       : 393
# FlipFlops/Latches                : 663
#      FD                          : 101
#      FDC                         : 60
#      FDCE                        : 56
#      FDE                         : 196
#      FDP                         : 109
#      FDPE                        : 18
#      FDR                         : 43
#      FDRE                        : 65
#      FDRS                        : 4
#      FDS                         : 10
#      LDC                         : 1
# RAMS                             : 4
#      RAMB16_S1_S36               : 4
# Shift Registers                  : 155
#      SRL16                       : 100
#      SRL16E                      : 1
#      SRLC16E                     : 54
# Clock Buffers                    : 3
#      BUFG                        : 2
#      BUFGP                       : 1
# IO Buffers                       : 30
#      IBUF                        : 3
#      OBUF                        : 27
# Others                           : 4
#      BSCAN_SPARTAN3              : 1
#      TIMESPEC                    : 3
=========================================================================

Device utilization summary:
---------------------------

Selected Device : 3s500efg320-5 

 Number of Slices:                     1058  out of   4656    22%  
 Number of Slice Flip Flops:            636  out of   9312     6%  
 Number of 4 input LUTs:               1784  out of   9312    19%  
    Number used as logic:              1629
    Number used as Shift registers:     155
 Number of IOs:                          31
 Number of bonded IOBs:                  31  out of    232    13%  
    IOB Flip Flops:                      27
 Number of BRAMs:                         4  out of     20    20%  
 Number of GCLKs:                         3  out of     24    12%  

---------------------------
Partition Resource Summary:
---------------------------

  No Partitions were found in this design.

---------------------------


=========================================================================
TIMING REPORT

NOTE: THESE TIMING NUMBERS ARE ONLY A SYNTHESIS ESTIMATE.
      FOR ACCURATE TIMING INFORMATION PLEASE REFER TO THE TRACE REPORT
      GENERATED AFTER PLACE-and-ROUTE.

Clock Information:
------------------
----------------------------------------------------------------------------------------+----------------------------------------------------------+-------+
Clock Signal                                                                            | Clock buffer(FF name)                                    | Load  |
----------------------------------------------------------------------------------------+----------------------------------------------------------+-------+
icon_instance/U0/U_ICON/I_YES_BSCAN.U_BS/DRCK1                                          | BUFG                                                     | 139   |
icon_instance/U0/iUPDATE_OUT                                                            | NONE(icon_instance/U0/U_ICON/U_iDATA_CMD)                | 1     |
clk                                                                                     | BUFGP                                                    | 432   |
icon_instance/CONTROL0<13>(icon_instance/U0/U_ICON/U_CTRL_OUT/F_NCP[0].F_CMD[9].U_LCE:O)| NONE(*)(ila_instance/U0/I_YES_D.U_ILA/U_STAT/U_DIRTY_LDC)| 1     |
clk_div1                                                                                | BUFG                                                     | 253   |
----------------------------------------------------------------------------------------+----------------------------------------------------------+-------+
(*) This 1 clock signal(s) are generated by combinatorial logic,
and XST is not able to identify which are the primary clock signals.
Please use the CLOCK_SIGNAL constraint to specify the clock signal(s) generated by combinatorial logic.
INFO:Xst:2169 - HDL ADVISOR - Some clock signals were not automatically buffered by XST with BUFG/BUFR resources. Please use the buffer_type constraint in order to insert these buffers to the clock signals to help prevent skew problems.

Asynchronous Control Signals Information:
----------------------------------------
---------------------------------------------------------------------------------------------------------------------+---------------------------------------------------------------------------------------------------------------------------+-------+
Control Signal                                                                                                       | Buffer(FF name)                                                                                                           | Load  |
---------------------------------------------------------------------------------------------------------------------+---------------------------------------------------------------------------------------------------------------------------+-------+
ila_instance/N0(ila_instance/XST_GND:G)                                                                              | NONE(ila_instance/U0/I_DQ.G_DW[0].U_DQ)                                                                                   | 109   |
rst                                                                                                                  | IBUF                                                                                                                      | 91    |
icon_instance/CONTROL0<20>(icon_instance/U0/U_ICON/U_CTRL_OUT/F_NCP[0].F_CMD[0].U_HCE:O)                             | NONE(ila_instance/U0/I_YES_D.U_ILA/U_TRIG/U_TM/G_NMU[0].U_M/U_MU/I_MUT_GANDX.U_match/I_SRL16.U_GANDX_SRL16/F_TW[0].U_TREG)| 16    |
icon_instance/U0/U_ICON/U_CMD/iSEL_n(icon_instance/U0/U_ICON/U_CMD/U_SEL_n:O)                                        | NONE(icon_instance/U0/U_ICON/U_CMD/G_TARGET[10].I_NE0.U_TARGET)                                                           | 10    |
ila_instance/U0/I_YES_D.U_ILA/U_RST/U_ARM_XFER/iCLR(ila_instance/U0/I_YES_D.U_ILA/U_RST/U_ARM_XFER/U_CLEAR:O)        | NONE(ila_instance/U0/I_YES_D.U_ILA/U_RST/U_ARM_XFER/U_DOUT0)                                                              | 4     |
ila_instance/U0/I_YES_D.U_ILA/U_RST/U_HALT_XFER/iCLR(ila_instance/U0/I_YES_D.U_ILA/U_RST/U_HALT_XFER/U_CLEAR:O)      | NONE(ila_instance/U0/I_YES_D.U_ILA/U_RST/U_HALT_XFER/U_DOUT0)                                                             | 4     |
ila_instance/U0/I_YES_D.U_ILA/U_STAT/U_DSL1/iCLR(ila_instance/U0/I_YES_D.U_ILA/U_STAT/U_DSL1/U_CLEAR:O)              | NONE(ila_instance/U0/I_YES_D.U_ILA/U_STAT/U_DSL1/U_DOUT0)                                                                 | 4     |
ila_instance/U0/I_YES_D.U_ILA/iARM(ila_instance/U0/I_YES_D.U_ILA/U_RST/U_ARM_XFER/U_GEN_DELAY[3].U_FD:Q)             | NONE(ila_instance/U0/I_YES_D.U_ILA/U_STAT/U_DIRTY_FDCE)                                                                   | 2     |
icon_instance/CONTROL0<13>(icon_instance/U0/U_ICON/U_CTRL_OUT/F_NCP[0].F_CMD[9].U_LCE:O)                             | NONE(ila_instance/U0/I_YES_D.U_ILA/U_STAT/U_DIRTY_FDPE)                                                                   | 1     |
icon_instance/U0/U_ICON/iSEL_n(icon_instance/U0/U_ICON/U_iSEL_n:O)                                                   | NONE(icon_instance/U0/U_ICON/U_iDATA_CMD)                                                                                 | 1     |
ila_instance/U0/I_YES_D.U_ILA/U_STAT/ACTRESET_pulse(ila_instance/U0/I_YES_D.U_ILA/U_STAT/U_RESET_EDGE/I_H2L.U_DOUT:Q)| NONE(ila_instance/U0/I_YES_D.U_ILA/U_STAT/U_RISING)                                                                       | 1     |
ila_instance/U0/I_YES_D.U_ILA/iRESET<1>(ila_instance/U0/I_YES_D.U_ILA/U_RST/G_RST[1].U_RST:Q)                        | NONE(ila_instance/U0/I_YES_D.U_ILA/U_TRIG/U_TM/G_NMU[0].U_M/U_MU/I_OREG.I_YES_OREG.U_OREG)                                | 1     |
---------------------------------------------------------------------------------------------------------------------+---------------------------------------------------------------------------------------------------------------------------+-------+

Timing Summary:
---------------
Speed Grade: -5

   Minimum period: 11.350ns (Maximum Frequency: 88.102MHz)
   Minimum input arrival time before clock: 5.781ns
   Maximum output required time after clock: 4.040ns
   Maximum combinational path delay: No path found

=========================================================================
Timing constraint: TS_J_CLK = PERIOD TIMEGRP "J_CLK" 30 nS HIGH 15 nS
  Clock period: 11.202ns (frequency: 89.268MHz)
  Total number of paths / destination ports: 3451 / 319
  Number of failed paths / ports: 0 (0.00%) / 0 (0.00%)
-------------------------------------------------------------------------
Slack:                  22.991ns
  Source:               icon_instance/U0/U_ICON/U_TDI_reg (FF)
  Destination:          ila_instance/U0/I_YES_D.U_ILA/U_STAT/U_TDO (FF)
  Data Path Delay:      11.202ns (Levels of Logic = 9)
  Source Clock:         icon_instance/U0/U_ICON/I_YES_BSCAN.U_BS/DRCK1 rising at 0.000ns
  Destination Clock:    icon_instance/U0/U_ICON/I_YES_BSCAN.U_BS/DRCK1 rising at 30.000ns

  Data Path: icon_instance/U0/U_ICON/U_TDI_reg (FF) to ila_instance/U0/I_YES_D.U_ILA/U_STAT/U_TDO (FF)
                                Gate     Net
    Cell:in->out      fanout   Delay   Delay  Logical Name (Net Name)
    ----------------------------------------  ------------
     FDE:C->Q              7   0.514   0.632  U0/U_ICON/U_TDI_reg (CONTROL0<1>)
     end scope: 'icon_instance'
     begin scope: 'ila_instance'
     LUT4:I2->O            1   0.612   0.000  U0/U_XST_CONTROLBUS_WORKAROUND/CONTROL_XST_WORKAROUND_O_cmp_eq0000_wg_lut<7> (U0/U_XST_CONTROLBUS_WORKAROUND/CONTROL_XST_WORKAROUND_O_cmp_eq0000_wg_lut<7>)
     MUXCY:S->O            1   0.404   0.000  U0/U_XST_CONTROLBUS_WORKAROUND/CONTROL_XST_WORKAROUND_O_cmp_eq0000_wg_cy<7> (U0/U_XST_CONTROLBUS_WORKAROUND/CONTROL_XST_WORKAROUND_O_cmp_eq0000_wg_cy<7>)
     MUXCY:CI->O           3   0.399   0.603  U0/U_XST_CONTROLBUS_WORKAROUND/CONTROL_XST_WORKAROUND_O_cmp_eq0000_wg_cy<8> (U0/U_XST_CONTROLBUS_WORKAROUND/CONTROL_XST_WORKAROUND_O_cmp_eq0000_wg_cy<8>)
     LUT3:I0->O            1   0.612   0.000  U0/I_YES_D.U_ILA/U_STAT/U_SMUX/U_CS_MUX/I6.U_MUX64/Mmux_O_15_f5_G (N41)
     MUXF5:I1->O           1   0.278   0.387  U0/I_YES_D.U_ILA/U_STAT/U_SMUX/U_CS_MUX/I6.U_MUX64/Mmux_O_15_f5 (U0/I_YES_D.U_ILA/U_STAT/U_SMUX/U_CS_MUX/I6.U_MUX64/Mmux_O_15_f5)
     LUT3_L:I2->LO         1   0.612   0.103  U0/I_YES_D.U_ILA/U_STAT/U_MUX/U_CS_MUX/I1.U_MUX2/O21_SW0 (N38)
     LUT4:I3->O            1   0.612   0.360  U0/I_YES_D.U_ILA/U_STAT/U_MUX/U_CS_MUX/I1.U_MUX2/O39 (U0/I_YES_D.U_ILA/U_STAT/U_MUX/U_CS_MUX/I1.U_MUX2/O39)
     LUT4:I3->O            1   0.612   0.000  U0/I_YES_D.U_ILA/U_STAT/U_MUX/U_CS_MUX/I1.U_MUX2/O87 (U0/I_YES_D.U_ILA/U_STAT/TDO_next)
     FDE:D                     0.268          U0/I_YES_D.U_ILA/U_STAT/U_TDO
    ----------------------------------------
    Total                     11.202ns (9.117ns logic, 2.085ns route)
                                       (81.4% logic, 18.6% route)

=========================================================================
Timing constraint: TS_U_TO_J = MAXDELAY FROM TIMEGRP "U_CLK" TO TIMEGRP "J_CLK" 15 nS
  Clock period: 3.016ns (frequency: 331.587MHz)
  Total number of paths / destination ports: 18 / 18
  Number of failed paths / ports: 0 (0.00%) / 0 (0.00%)
-------------------------------------------------------------------------
Slack:                  11.984ns
  Source:               icon_instance/U0/U_ICON/U_iDATA_CMD (FF)
  Destination:          icon_instance/U0/U_ICON/U_SYNC/G_SYNC_WORD[6].I_EQ0.U_FDR (FF)
  Data Path Delay:      3.016ns (Levels of Logic = 1)
  Source Clock:         icon_instance/U0/iUPDATE_OUT rising at 0.000ns
  Destination Clock:    icon_instance/U0/U_ICON/I_YES_BSCAN.U_BS/DRCK1 rising at 15.000ns

  Data Path: icon_instance/U0/U_ICON/U_iDATA_CMD (FF) to icon_instance/U0/U_ICON/U_SYNC/G_SYNC_WORD[6].I_EQ0.U_FDR (FF)
                                Gate     Net
    Cell:in->out      fanout   Delay   Delay  Logical Name (Net Name)
    ----------------------------------------  ------------
     FDC:C->Q              3   0.514   0.451  U0/U_ICON/U_iDATA_CMD (U0/U_ICON/iDATA_CMD)
     INV:I->O              8   0.612   0.643  U0/U_ICON/U_SYNC/U_iDATA_CMD_n (U0/U_ICON/U_SYNC/iDATA_CMD_n)
     FDR:R                     0.795          U0/U_ICON/U_SYNC/G_SYNC_WORD[6].I_EQ0.U_FDR
    ----------------------------------------
    Total                      3.016ns (1.921ns logic, 1.095ns route)
                                       (63.7% logic, 36.3% route)

=========================================================================
Timing constraint: TS_U_TO_U = MAXDELAY FROM TIMEGRP "U_CLK" TO TIMEGRP "U_CLK" 15 nS
  Clock period: 2.202ns (frequency: 454.060MHz)
  Total number of paths / destination ports: 1 / 1
  Number of failed paths / ports: 0 (0.00%) / 0 (0.00%)
-------------------------------------------------------------------------
Slack:                  12.798ns
  Source:               icon_instance/U0/U_ICON/U_iDATA_CMD (FF)
  Destination:          icon_instance/U0/U_ICON/U_iDATA_CMD (FF)
  Data Path Delay:      2.202ns (Levels of Logic = 1)
  Source Clock:         icon_instance/U0/iUPDATE_OUT rising at 0.000ns
  Destination Clock:    icon_instance/U0/iUPDATE_OUT rising at 15.000ns

  Data Path: icon_instance/U0/U_ICON/U_iDATA_CMD (FF) to icon_instance/U0/U_ICON/U_iDATA_CMD (FF)
                                Gate     Net
    Cell:in->out      fanout   Delay   Delay  Logical Name (Net Name)
    ----------------------------------------  ------------
     FDC:C->Q              3   0.514   0.451  U0/U_ICON/U_iDATA_CMD (U0/U_ICON/iDATA_CMD)
     INV:I->O              1   0.612   0.357  U0/U_ICON/U_iDATA_CMD_n (U0/U_ICON/iDATA_CMD_n)
     FDC:D                     0.268          U0/U_ICON/U_iDATA_CMD
    ----------------------------------------
    Total                      2.202ns (1.394ns logic, 0.808ns route)
                                       (63.3% logic, 36.7% route)

=========================================================================
Timing constraint: TS_J_TO_D = FROM TIMEGRP "J_CLK" TO TIMEGRP "D_CLK" TIG;
  Clock period: 5.445ns (frequency: 183.655MHz)
  Total number of paths / destination ports: 220 / 115
  Number of failed paths / ports: 0 (0.00%) / 0 (0.00%)
-------------------------------------------------------------------------
Delay:                  5.445ns
  Source:               ila_instance/U0/I_YES_D.U_ILA/U_G2_SQ.U_CAPCTRL/I_SRLT_NE_1.U_SCRST/I_NOLUT6.I_SRL_T2.I_YES_RPM.UF0_CFGLUT4 (FF)
  Destination:          ila_instance/U0/I_YES_D.U_ILA/U_G2_SQ.U_CAPCTRL/U_CAP_ADDRGEN/I_NO_TSEQ.I_SRLT_NE_1.U_SCNT/G[8].U_FDRE (FF)
  Data Path Delay:      5.445ns (Levels of Logic = 2)
  Source Clock:         icon_instance/U0/U_ICON/I_YES_BSCAN.U_BS/DRCK1 rising at 0.000ns
  Destination Clock:    clk rising at 0.000ns

  Data Path: ila_instance/U0/I_YES_D.U_ILA/U_G2_SQ.U_CAPCTRL/I_SRLT_NE_1.U_SCRST/I_NOLUT6.I_SRL_T2.I_YES_RPM.UF0_CFGLUT4 (FF) to ila_instance/U0/I_YES_D.U_ILA/U_G2_SQ.U_CAPCTRL/U_CAP_ADDRGEN/I_NO_TSEQ.I_SRLT_NE_1.U_SCNT/G[8].U_FDRE (FF)
                                Gate     Net
    Cell:in->out      fanout   Delay   Delay  Logical Name (Net Name)
    ----------------------------------------  ------------
     SRLC16E:CLK->Q        1   3.224   0.000  U0/I_YES_D.U_ILA/U_G2_SQ.U_CAPCTRL/I_SRLT_NE_1.U_SCRST/I_NOLUT6.I_SRL_T2.I_YES_RPM.UF0_CFGLUT4 (U0/I_YES_D.U_ILA/U_G2_SQ.U_CAPCTRL/I_SRLT_NE_1.U_SCRST/iO<0>)
     MUXF5:I1->O           1   0.278   0.000  U0/I_YES_D.U_ILA/U_G2_SQ.U_CAPCTRL/I_SRLT_NE_1.U_SCRST/I_NOLUT6.I_SRL_T2.I_YES_RPM.U0_MUXF5 (U0/I_YES_D.U_ILA/U_G2_SQ.U_CAPCTRL/I_SRLT_NE_1.U_SCRST/jO<0>)
     MUXF6:I1->O           9   0.451   0.697  U0/I_YES_D.U_ILA/U_G2_SQ.U_CAPCTRL/I_SRLT_NE_1.U_SCRST/I_NOLUT6.I_SRL_T2.I_YES_RPM.I_NO_OREG.U_MUXF6 (U0/I_YES_D.U_ILA/U_G2_SQ.U_CAPCTRL/SCNT_RESET)
     FDRE:R                    0.795          U0/I_YES_D.U_ILA/U_G2_SQ.U_CAPCTRL/U_CAP_ADDRGEN/I_NO_TSEQ.I_SRLT_NE_1.U_SCNT/G[8].U_FDRE
    ----------------------------------------
    Total                      5.445ns (4.748ns logic, 0.697ns route)
                                       (87.2% logic, 12.8% route)

=========================================================================
Timing constraint: TS_D_TO_J = FROM TIMEGRP "D_CLK" TO TIMEGRP "J_CLK" TIG;
  Clock period: 6.457ns (frequency: 154.871MHz)
  Total number of paths / destination ports: 350 / 332
  Number of failed paths / ports: 0 (0.00%) / 0 (0.00%)
-------------------------------------------------------------------------
Delay:                  6.457ns
  Source:               ila_instance/U0/I_YES_D.U_ILA/U_CAPSTOR/I_CASE1.I_NO_TB.I_RT1.U_RAM/G_BRAM[0].U_BRAM/ram_rt1_s1_s32_if.ram_rt1_s1_s32_i (RAM)
  Destination:          icon_instance/U0/U_ICON/U_TDO_reg (FF)
  Data Path Delay:      6.457ns (Levels of Logic = 6)
  Source Clock:         icon_instance/U0/U_ICON/I_YES_BSCAN.U_BS/DRCK1 rising at 0.000ns
  Destination Clock:    icon_instance/U0/U_ICON/I_YES_BSCAN.U_BS/DRCK1 rising at 0.000ns

  Data Path: ila_instance/U0/I_YES_D.U_ILA/U_CAPSTOR/I_CASE1.I_NO_TB.I_RT1.U_RAM/G_BRAM[0].U_BRAM/ram_rt1_s1_s32_if.ram_rt1_s1_s32_i (RAM) to icon_instance/U0/U_ICON/U_TDO_reg (FF)
                                Gate     Net
    Cell:in->out      fanout   Delay   Delay  Logical Name (Net Name)
    ----------------------------------------  ------------
     RAMB16_S1_S36:CLKA->DOA0    1   2.436   0.426  U0/I_YES_D.U_ILA/U_CAPSTOR/I_CASE1.I_NO_TB.I_RT1.U_RAM/G_BRAM[0].U_BRAM/ram_rt1_s1_s32_if.ram_rt1_s1_s32_i (U0/I_YES_D.U_ILA/U_CAPSTOR/I_CASE1.I_NO_TB.I_RT1.U_RAM/localDOA<0>)
     LUT3:I1->O            1   0.612   0.000  U0/I_YES_D.U_ILA/U_CAPSTOR/I_CASE1.I_NO_TB.I_RT1.U_RAM/I_MUX.U_RD_DATA/U_CS_MUX/I2.U_MUX4/Mmux_O_4 (U0/I_YES_D.U_ILA/U_CAPSTOR/I_CASE1.I_NO_TB.I_RT1.U_RAM/I_MUX.U_RD_DATA/U_CS_MUX/I2.U_MUX4/Mmux_O_4)
     MUXF5:I0->O           1   0.278   0.426  U0/I_YES_D.U_ILA/U_CAPSTOR/I_CASE1.I_NO_TB.I_RT1.U_RAM/I_MUX.U_RD_DATA/U_CS_MUX/I2.U_MUX4/Mmux_O_2_f5 (U0/I_YES_D.U_ILA/iDATA_DOUT)
     LUT3:I1->O            1   0.612   0.509  U0/I_YES_D.U_ILA/U_DOUT (CONTROL<3>)
     end scope: 'ila_instance'
     begin scope: 'icon_instance'
     LUT4:I0->O            1   0.612   0.000  U0/U_ICON/U_TDO_MUX/U_CS_MUX/I4.U_MUX16/Mmux_O_4 (U0/U_ICON/U_TDO_MUX/U_CS_MUX/I4.U_MUX16/Mmux_O_4)
     MUXF5:I0->O           1   0.278   0.000  U0/U_ICON/U_TDO_MUX/U_CS_MUX/I4.U_MUX16/Mmux_O_2_f5 (U0/U_ICON/iTDO_next)
     FDE:D                     0.268          U0/U_ICON/U_TDO_reg
    ----------------------------------------
    Total                      6.457ns (5.096ns logic, 1.361ns route)
                                       (78.9% logic, 21.1% route)

=========================================================================
Timing constraint: TS_D2_TO_T2 = FROM TIMEGRP "D2_CLK" TO TIMEGRP "FFS" TIG;
  Clock period: 5.624ns (frequency: 177.798MHz)
  Total number of paths / destination ports: 3 / 3
  Number of failed paths / ports: 0 (0.00%) / 0 (0.00%)
-------------------------------------------------------------------------
Delay:                  5.624ns
  Source:               ila_instance/U0/I_YES_D.U_ILA/U_STAT/U_DIRTY_LDC (LATCH)
  Destination:          ila_instance/U0/I_YES_D.U_ILA/U_STAT/U_TDO (FF)
  Data Path Delay:      5.624ns (Levels of Logic = 6)
  Source Clock:         icon_instance/CONTROL0<13> falling at 0.000ns
  Destination Clock:    icon_instance/U0/U_ICON/I_YES_BSCAN.U_BS/DRCK1 rising at 0.000ns

  Data Path: ila_instance/U0/I_YES_D.U_ILA/U_STAT/U_DIRTY_LDC (LATCH) to ila_instance/U0/I_YES_D.U_ILA/U_STAT/U_TDO (FF)
                                Gate     Net
    Cell:in->out      fanout   Delay   Delay  Logical Name (Net Name)
    ----------------------------------------  ------------
     LDC:G->Q              1   0.588   0.509  U0/I_YES_D.U_ILA/U_STAT/U_DIRTY_LDC (U0/I_YES_D.U_ILA/U_STAT/DIRTY_SEL)
     LUT3:I0->O            3   0.612   0.481  U0/I_YES_D.U_ILA/U_STAT/DIRTY_dstat1 (U0/I_YES_D.U_ILA/U_STAT/DIRTY_dstat)
     LUT3:I2->O            1   0.612   0.000  U0/I_YES_D.U_ILA/U_STAT/U_DMUX/U_CS_MUX/I3.U_MUX8/Mmux_O_91_F (N42)
     MUXF5:I0->O           1   0.278   0.387  U0/I_YES_D.U_ILA/U_STAT/U_DMUX/U_CS_MUX/I3.U_MUX8/Mmux_O_91 (U0/I_YES_D.U_ILA/U_STAT/U_DMUX/U_CS_MUX/I3.U_MUX8/Mmux_O_91)
     LUT4:I2->O            1   0.612   0.000  U0/I_YES_D.U_ILA/U_STAT/U_DMUX/U_CS_MUX/I3.U_MUX8/Mmux_O_4 (U0/I_YES_D.U_ILA/U_STAT/U_DMUX/U_CS_MUX/I3.U_MUX8/Mmux_O_4)
     MUXF5:I0->O           1   0.278   0.387  U0/I_YES_D.U_ILA/U_STAT/U_DMUX/U_CS_MUX/I3.U_MUX8/Mmux_O_2_f5 (U0/I_YES_D.U_ILA/U_STAT/TDO_mux_in<0>1)
     LUT4:I2->O            1   0.612   0.000  U0/I_YES_D.U_ILA/U_STAT/U_MUX/U_CS_MUX/I1.U_MUX2/O87 (U0/I_YES_D.U_ILA/U_STAT/TDO_next)
     FDE:D                     0.268          U0/I_YES_D.U_ILA/U_STAT/U_TDO
    ----------------------------------------
    Total                      5.624ns (3.860ns logic, 1.764ns route)
                                       (68.6% logic, 31.4% route)

=========================================================================
Timing constraint: TS_J2_TO_D2 = FROM TIMEGRP "FFS" TO TIMEGRP "D2_CLK" TIG;
-------------------------------------------------------------------------
WARNING:Xst:1415 - No path found for this constraint.

=========================================================================
Timing constraint: TS_J3_TO_D2 = FROM TIMEGRP "FFS" TO TIMEGRP "D2_CLK" TIG;
-------------------------------------------------------------------------
WARNING:Xst:1415 - No path found for this constraint.

=========================================================================
Timing constraint: TS_J4_TO_D2 = FROM TIMEGRP "FFS" TO TIMEGRP "D2_CLK" TIG;
-------------------------------------------------------------------------
WARNING:Xst:1415 - No path found for this constraint.

=========================================================================


Total REAL time to Xst completion: 14.00 secs
Total CPU time to Xst completion: 13.19 secs
 
--> 


Total memory usage is 691916 kilobytes

Number of errors   :    0 (   0 filtered)
Number of warnings :   14 (   0 filtered)
Number of infos    :    4 (   0 filtered)

